=== Experiment config ===
dataset:
  name: dermamnist
  size: 64
  source: npz
  npz_path: ../dermamnist_64.npz
model:
  name: simple_cnn
  in_channels: 3
  num_classes: 7
  pretrained: false
federation:
  num_clients: 10
  num_rounds: 100
  local_epochs: 20
  fraction_fit: 0.5
  fraction_evaluate: 1.0
training:
  lr: 0.01
  momentum: 0.9
  batch_size: 64
  weight_decay: 0.0
loss:
  type: ce
  focal_gamma: 2.0
  weight_strategy: none
augmentation:
  use_weighted_sampler: false
client_objective:
  proximal_mu: 0.0
partition:
  strategy: dirichlet
  alpha: 0.1
  classes_per_client: 2
  quantity_alpha: 0.5
misc:
  seed: 123
  device: cuda
  save_dir: results
  resolved_save_dir: results/fedavg_showcase_E20_s123
_config_stem: fedavg_showcase


=== Completed ===
Experiment: fedavg_showcase_E20_s123
Global: bACC=0.5156 | Macro F1=0.4861 | Worst F1=0.1935 | Melanoma Recall=0.1614
Clients: Avg bACC=0.5319 | Worst bACC=0.3264 | Gap=0.3879
Completed in 8.74 minutes
Job completed: config=configs/fedavg_showcase.yaml seed=123
