=== Experiment config ===
dataset:
  name: dermamnist
  size: 64
  source: npz
  npz_path: ../dermamnist_64.npz
model:
  name: simple_cnn
  in_channels: 3
  num_classes: 7
  pretrained: false
federation:
  num_clients: 10
  num_rounds: 100
  local_epochs: 5
  fraction_fit: 1.0
  fraction_evaluate: 1.0
training:
  lr: 0.01
  momentum: 0.9
  batch_size: 64
  weight_decay: 0.0
loss:
  type: ce
  focal_gamma: 2.0
  weight_strategy: none
augmentation:
  use_weighted_sampler: false
client_objective:
  proximal_mu: 0.01
partition:
  strategy: dirichlet
  alpha: 0.3
  classes_per_client: 2
  quantity_alpha: 0.5
misc:
  seed: 42
  device: cuda
  save_dir: results
  resolved_save_dir: results/fedprox_dir03_E5_s42
_config_stem: fedprox_dir03


=== Completed ===
Experiment: fedprox_dir03_E5_s42
Global: bACC=0.3686 | Macro F1=0.3173 | Worst F1=0.0000 | Melanoma Recall=0.1839
Clients: Avg bACC=0.4266 | Worst bACC=0.1846 | Gap=0.4572
Completed in 5.74 minutes
Job completed: config=configs/fedprox_dir03.yaml seed=42
